// Jest Snapshot v1, https://goo.gl/fbAQLP

exports[`Test Mission renders correctly 1`] = `
<div
  className="container"
>
  <table
    className="container my-5 table table-lg table-striped table-bordered table-hover"
  >
    <thead>
      <tr>
        <th>
          Mission
        </th>
        <th>
          Description
        </th>
        <th>
          Status
        </th>
      </tr>
    </thead>
    <tbody />
  </table>
</div>
`;
