// Jest Snapshot v1, https://goo.gl/fbAQLP

exports[`Test Navigation renders correctly 1`] = `
<nav
  className="border-bottom py-3 navbar navbar-expand-lg navbar-light bg-light"
>
  <div
    className="container"
  >
    <a
      className="d-flex navbar-brand"
      href="#home"
    >
      <img
        alt="Logo"
        className="logo"
        src="planet.png"
      />
      <h2
        className="ps-3"
      >
        Space-Travelers-Hub
      </h2>
    </a>
    <button
      aria-controls="basic-navbar-nav"
      aria-label="Toggle navigation"
      className="navbar-toggler collapsed"
      onClick={[Function]}
      type="button"
    >
      <span
        className="navbar-toggler-icon"
      />
    </button>
    <div
      aria-expanded={null}
      className="navbar-collapse collapse"
      id="basic-navbar-nav"
    >
      <div
        className="ms-auto navbar-nav"
        onKeyDown={[Function]}
      >
        <a
          className="nav-link"
          data-rr-ui-event-key="#rockets"
          disabled={false}
          href="#rockets"
          onClick={[Function]}
        >
          <a
            aria-current="page"
            className="text-primary link active"
            href="/"
            onClick={[Function]}
            style={
              Object {
                "borderBottom": "3px solid #0d6efd",
                "color": "#0d6efd",
                "paddingBottom": "0.25rem",
              }
            }
          >
            Rockets
          </a>
        </a>
        <a
          className="nav-link"
          data-rr-ui-event-key="#missions"
          disabled={false}
          href="#missions"
          onClick={[Function]}
        >
          <a
            className="text-primary link"
            href="/mission"
            onClick={[Function]}
            style={
              Object {
                "borderBottom": "",
                "color": "",
                "paddingBottom": "",
              }
            }
          >
            Missions
          </a>
        </a>
        <a
          className="nav-link"
          data-rr-ui-event-key="#myProfile"
          disabled={false}
          href="#myProfile"
          onClick={[Function]}
        >
          <a
            className="text-primary link"
            href="/myProfile"
            onClick={[Function]}
            style={
              Object {
                "borderBottom": "",
                "color": "",
                "paddingBottom": "",
              }
            }
          >
            My Profile
          </a>
        </a>
      </div>
    </div>
  </div>
</nav>
`;
